------------------------------------------------------------
TimeQuest Timing Analyzer Summary
------------------------------------------------------------

Type  : Slow 1100mV 85C Model Setup 'clk'
Slack : -7.788
TNS   : -14697.928

Type  : Slow 1100mV 85C Model Hold 'clk'
Slack : 0.259
TNS   : 0.000

Type  : Slow 1100mV 85C Model Minimum Pulse Width 'clk'
Slack : -2.225
TNS   : -3486.832

Type  : Slow 1100mV 0C Model Setup 'clk'
Slack : -7.932
TNS   : -14224.889

Type  : Slow 1100mV 0C Model Hold 'clk'
Slack : 0.233
TNS   : 0.000

Type  : Slow 1100mV 0C Model Minimum Pulse Width 'clk'
Slack : -2.225
TNS   : -3683.076

Type  : Fast 1100mV 85C Model Setup 'clk'
Slack : -4.046
TNS   : -6844.311

Type  : Fast 1100mV 85C Model Hold 'clk'
Slack : 0.160
TNS   : 0.000

Type  : Fast 1100mV 85C Model Minimum Pulse Width 'clk'
Slack : -2.174
TNS   : -1258.288

Type  : Fast 1100mV 0C Model Setup 'clk'
Slack : -3.679
TNS   : -5778.879

Type  : Fast 1100mV 0C Model Hold 'clk'
Slack : 0.134
TNS   : 0.000

Type  : Fast 1100mV 0C Model Minimum Pulse Width 'clk'
Slack : -2.174
TNS   : -1264.793

------------------------------------------------------------
